['Dashboard server [Template] [GetUserAddonTemplates] ✅ success in normal context: Entry: admin-user, empty 1']
SnapShot = """
{
  \"message\": \"No items found\"
}
"""

['Dashboard server [Template] [GetUserAddonTemplates] ✅ success in normal context: Entry: admin-user, not empty 1']
SnapShot = """
{
  \"items\": [
    {
      \"name\": \"useraddon1\",
      \"required_vars\": [
        {
          \"var_name\": \"{{HOGE}}\",
          \"default_value\": \"HOGEhoge\"
        },
        {
          \"var_name\": \"{{FUGA}}\",
          \"default_value\": \"FUGAfuga\"
        }
      ],
      \"is_default_user_addon\": true
    },
    {
      \"name\": \"useraddon2\",
      \"required_vars\": [
        {
          \"var_name\": \"{{HOGE}}\",
          \"default_value\": \"HOGEhoge\"
        },
        {
          \"var_name\": \"{{FUGA}}\",
          \"default_value\": \"FUGAfuga\"
        }
      ],
      \"is_default_user_addon\": true
    }
  ]
}
"""

['Dashboard server [Template] [GetUserAddonTemplates] ✅ success in normal context: Entry: normal-user, empty 1']
SnapShot = """
{
  \"message\": \"No items found\"
}
"""

['Dashboard server [Template] [GetUserAddonTemplates] ✅ success in normal context: Entry: normal-user, not empty 1']
SnapShot = """
{
  \"items\": [
    {
      \"name\": \"useraddon1\",
      \"required_vars\": [
        {
          \"var_name\": \"{{HOGE}}\",
          \"default_value\": \"HOGEhoge\"
        },
        {
          \"var_name\": \"{{FUGA}}\",
          \"default_value\": \"FUGAfuga\"
        }
      ],
      \"is_default_user_addon\": true
    },
    {
      \"name\": \"useraddon2\",
      \"required_vars\": [
        {
          \"var_name\": \"{{HOGE}}\",
          \"default_value\": \"HOGEhoge\"
        },
        {
          \"var_name\": \"{{FUGA}}\",
          \"default_value\": \"FUGAfuga\"
        }
      ],
      \"is_default_user_addon\": true
    }
  ]
}
"""

['Dashboard server [Template] [GetUserAddonTemplates] ❌ fail with an unexpected error at list: Entry: admin-user, not empty 1']
SnapShot = 'internal: failed to list UserAddon Templates'

['Dashboard server [Template] [GetWorkspaceTemplates] ✅ success in normal context: Entry: admin-user, empty 1']
SnapShot = """
{
  \"message\": \"No items found\"
}
"""

['Dashboard server [Template] [GetWorkspaceTemplates] ✅ success in normal context: Entry: admin-user, not empty 1']
SnapShot = """
{
  \"items\": [
    {
      \"name\": \"template1\",
      \"required_vars\": [
        {
          \"var_name\": \"{{HOGE}}\",
          \"default_value\": \"HOGEhoge\"
        },
        {
          \"var_name\": \"{{FUGA}}\",
          \"default_value\": \"FUGAfuga\"
        }
      ]
    },
    {
      \"name\": \"template2\",
      \"required_vars\": [
        {
          \"var_name\": \"{{HOGE}}\",
          \"default_value\": \"HOGEhoge\"
        },
        {
          \"var_name\": \"{{FUGA}}\",
          \"default_value\": \"FUGAfuga\"
        }
      ]
    }
  ]
}
"""

['Dashboard server [Template] [GetWorkspaceTemplates] ✅ success in normal context: Entry: normal-user, empty 1']
SnapShot = """
{
  \"message\": \"No items found\"
}
"""

['Dashboard server [Template] [GetWorkspaceTemplates] ✅ success in normal context: Entry: normal-user, not empty 1']
SnapShot = """
{
  \"items\": [
    {
      \"name\": \"template1\",
      \"required_vars\": [
        {
          \"var_name\": \"{{HOGE}}\",
          \"default_value\": \"HOGEhoge\"
        },
        {
          \"var_name\": \"{{FUGA}}\",
          \"default_value\": \"FUGAfuga\"
        }
      ]
    },
    {
      \"name\": \"template2\",
      \"required_vars\": [
        {
          \"var_name\": \"{{HOGE}}\",
          \"default_value\": \"HOGEhoge\"
        },
        {
          \"var_name\": \"{{FUGA}}\",
          \"default_value\": \"FUGAfuga\"
        }
      ]
    }
  ]
}
"""

['Dashboard server [Template] [GetWorkspaceTemplates] ❌ fail with an unexpected error at list: Entry: admin-user, not empty 1']
SnapShot = 'internal: failed to list WorkspaceTemplates'
