// Vitest Snapshot v1, https://vitest.dev/guide/snapshot.html

exports[`AuthRoute > normal dark 1`] = `{}`;

exports[`AuthRoute > normal light 1`] = `{}`;
