['help should match snapshot 1']
SnapShot = """
Suspend workspaces

Usage:
   suspend [command]

Aliases:
  suspend, stop

Available Commands:
  workspace   Suspend workspaces. Alias of 'cosmoctl workspace suspend'

Flags:
  -h, --help   help for suspend

Use \" suspend [command] --help\" for more information about a command.
"""
