['Instance controller when creating a Instance resource should do reconcile once and create child resources 1']
SnapShot = """
{
  \"metadata\": {
    \"name\": \"test-inst1-deploy\",
    \"namespace\": \"default\",
    \"creationTimestamp\": null,
    \"labels\": {
      \"cosmo-workspace.github.io/instance\": \"test-inst1\",
      \"cosmo-workspace.github.io/template\": \"test-nginx-tmpl1\"
    },
    \"ownerReferences\": [
      {
        \"apiVersion\": \"cosmo-workspace.github.io/v1alpha1\",
        \"kind\": \"Instance\",
        \"name\": \"test-inst1\",
        \"uid\": \"\",
        \"controller\": true,
        \"blockOwnerDeletion\": true
      }
    ]
  },
  \"spec\": {
    \"replicas\": 1,
    \"selector\": {
      \"matchLabels\": {
        \"cosmo-workspace.github.io/instance\": \"test-inst1\"
      }
    },
    \"template\": {
      \"metadata\": {
        \"creationTimestamp\": null,
        \"labels\": {
          \"cosmo-workspace.github.io/instance\": \"test-inst1\"
        }
      },
      \"spec\": {
        \"containers\": [
          {
            \"name\": \"nginx\",
            \"image\": \"nginx:latest\",
            \"ports\": [
              {
                \"name\": \"main\",
                \"containerPort\": 80,
                \"protocol\": \"TCP\"
              }
            ],
            \"resources\": {},
            \"terminationMessagePath\": \"/dev/termination-log\",
            \"terminationMessagePolicy\": \"File\",
            \"imagePullPolicy\": \"Always\"
          }
        ],
        \"restartPolicy\": \"Always\",
        \"terminationGracePeriodSeconds\": 30,
        \"dnsPolicy\": \"ClusterFirst\",
        \"securityContext\": {},
        \"schedulerName\": \"default-scheduler\"
      }
    },
    \"strategy\": {
      \"type\": \"RollingUpdate\",
      \"rollingUpdate\": {
        \"maxUnavailable\": \"25%\",
        \"maxSurge\": \"25%\"
      }
    },
    \"revisionHistoryLimit\": 10,
    \"progressDeadlineSeconds\": 600
  },
  \"status\": {}
}
"""

['Instance controller when creating a Instance resource should do reconcile once and create child resources 2']
SnapShot = """
{
  \"metadata\": {
    \"name\": \"test-inst1-svc\",
    \"namespace\": \"default\",
    \"creationTimestamp\": null,
    \"labels\": {
      \"cosmo-workspace.github.io/instance\": \"test-inst1\",
      \"cosmo-workspace.github.io/template\": \"test-nginx-tmpl1\"
    },
    \"ownerReferences\": [
      {
        \"apiVersion\": \"cosmo-workspace.github.io/v1alpha1\",
        \"kind\": \"Instance\",
        \"name\": \"test-inst1\",
        \"uid\": \"\",
        \"controller\": true,
        \"blockOwnerDeletion\": true
      }
    ]
  },
  \"spec\": {
    \"ports\": [
      {
        \"name\": \"main\",
        \"protocol\": \"TCP\",
        \"port\": 80,
        \"targetPort\": 80
      }
    ],
    \"selector\": {
      \"cosmo-workspace.github.io/instance\": \"test-inst1\",
      \"cosmo-workspace.github.io/template\": \"nginx\"
    },
    \"type\": \"ClusterIP\",
    \"sessionAffinity\": \"None\",
    \"ipFamilies\": [
      \"IPv4\"
    ],
    \"ipFamilyPolicy\": \"SingleStack\",
    \"internalTrafficPolicy\": \"Cluster\"
  },
  \"status\": {
    \"loadBalancer\": {}
  }
}
"""

['Instance controller when creating a Instance resource should do reconcile once and create child resources 3']
SnapShot = """
{
  \"metadata\": {
    \"name\": \"test-inst1-ing\",
    \"namespace\": \"default\",
    \"creationTimestamp\": null,
    \"labels\": {
      \"cosmo-workspace.github.io/instance\": \"test-inst1\",
      \"cosmo-workspace.github.io/template\": \"test-nginx-tmpl1\"
    },
    \"ownerReferences\": [
      {
        \"apiVersion\": \"cosmo-workspace.github.io/v1alpha1\",
        \"kind\": \"Instance\",
        \"name\": \"test-inst1\",
        \"uid\": \"\",
        \"controller\": true,
        \"blockOwnerDeletion\": true
      }
    ]
  },
  \"spec\": {
    \"rules\": [
      {
        \"host\": \"test-inst1-default.example.com\",
        \"http\": {
          \"paths\": [
            {
              \"path\": \"/\",
              \"pathType\": \"Prefix\",
              \"backend\": {
                \"service\": {
                  \"name\": \"test-inst1-nginx\",
                  \"port\": {
                    \"number\": 80
                  }
                }
              }
            }
          ]
        }
      }
    ]
  },
  \"status\": {
    \"loadBalancer\": {}
  }
}
"""

['Instance controller when creating a Instance resource should do reconcile once and create child resources 4']
SnapShot = """
{
  \"metadata\": {
    \"name\": \"test-inst1\",
    \"namespace\": \"default\",
    \"creationTimestamp\": null
  },
  \"spec\": {
    \"template\": {
      \"name\": \"test-nginx-tmpl1\"
    },
    \"vars\": {
      \"{{DOMAIN}}\": \"example.com\",
      \"{{IMAGE_TAG}}\": \"latest\"
    },
    \"override\": {}
  },
  \"status\": {
    \"templateName\": \"test-nginx-tmpl1\",
    \"lastApplied\": [
      {
        \"kind\": \"Deployment\",
        \"namespace\": \"default\",
        \"name\": \"test-inst1-deploy\",
        \"apiVersion\": \"apps/v1\"
      },
      {
        \"kind\": \"Ingress\",
        \"namespace\": \"default\",
        \"name\": \"test-inst1-ing\",
        \"apiVersion\": \"networking.k8s.io/v1\"
      },
      {
        \"kind\": \"Service\",
        \"namespace\": \"default\",
        \"name\": \"test-inst1-svc\",
        \"apiVersion\": \"v1\"
      }
    ],
    \"lastAppliedObjectsCount\": 3,
    \"templateObjectsCount\": 3
  }
}
"""

['Instance controller when updating Instance resource should do reconcile again and update child resources 1']
SnapShot = """
{
  \"metadata\": {
    \"name\": \"test-inst1\",
    \"namespace\": \"default\",
    \"creationTimestamp\": null
  },
  \"spec\": {
    \"template\": {
      \"name\": \"test-nginx-tmpl1\"
    },
    \"vars\": {
      \"{{DOMAIN}}\": \"example.com\",
      \"{{IMAGE_TAG}}\": \"latest\"
    },
    \"override\": {
      \"patchesJson6902\": [
        {
          \"target\": {
            \"kind\": \"Deployment\",
            \"name\": \"deploy\",
            \"apiVersion\": \"apps/v1\"
          },
          \"patch\": \"[{\\\"op\\\": \\\"replace\\\", \\\"path\\\": \\\"/spec/replicas\\\", \\\"value\\\": 3}]\"
        },
        {
          \"target\": {
            \"kind\": \"Service\",
            \"name\": \"svc\",
            \"apiVersion\": \"v1\"
          },
          \"patch\": \"[{\\\"op\\\": \\\"replace\\\", \\\"path\\\": \\\"/spec/ports\\\", \\\"value\\\": [{\\\"name\\\": \\\"add\\\", \\\"port\\\": 9090, \\\"protocol\\\": \\\"TCP\\\"},{\\\"name\\\": \\\"add2\\\", \\\"port\\\": 9091, \\\"protocol\\\": \\\"TCP\\\"}]}]\"
        },
        {
          \"target\": {
            \"kind\": \"Service\",
            \"name\": \"svc\",
            \"apiVersion\": \"v1\"
          },
          \"patch\": \"[{\\\"op\\\": \\\"replace\\\", \\\"path\\\": \\\"/spec/type\\\", \\\"value\\\": \\\"LoadBalancer\\\"}]\"
        }
      ]
    }
  },
  \"status\": {
    \"templateName\": \"test-nginx-tmpl1\",
    \"lastApplied\": [
      {
        \"kind\": \"Deployment\",
        \"namespace\": \"default\",
        \"name\": \"test-inst1-deploy\",
        \"apiVersion\": \"apps/v1\"
      },
      {
        \"kind\": \"Ingress\",
        \"namespace\": \"default\",
        \"name\": \"test-inst1-ing\",
        \"apiVersion\": \"networking.k8s.io/v1\"
      },
      {
        \"kind\": \"Service\",
        \"namespace\": \"default\",
        \"name\": \"test-inst1-svc\",
        \"apiVersion\": \"v1\"
      }
    ],
    \"lastAppliedObjectsCount\": 3,
    \"templateObjectsCount\": 3
  }
}
"""

['Instance controller when updating Instance resource should do reconcile again and update child resources 2']
SnapShot = """
{
  \"metadata\": {
    \"name\": \"test-inst1\",
    \"namespace\": \"default\",
    \"creationTimestamp\": null
  },
  \"spec\": {
    \"template\": {
      \"name\": \"test-nginx-tmpl1\"
    },
    \"vars\": {
      \"{{DOMAIN}}\": \"example.com\",
      \"{{IMAGE_TAG}}\": \"latest\"
    },
    \"override\": {
      \"patchesJson6902\": [
        {
          \"target\": {
            \"kind\": \"Deployment\",
            \"name\": \"deploy\",
            \"apiVersion\": \"apps/v1\"
          },
          \"patch\": \"[{\\\"op\\\": \\\"replace\\\", \\\"path\\\": \\\"/spec/replicas\\\", \\\"value\\\": 3}]\"
        },
        {
          \"target\": {
            \"kind\": \"Service\",
            \"name\": \"svc\",
            \"apiVersion\": \"v1\"
          },
          \"patch\": \"[{\\\"op\\\": \\\"replace\\\", \\\"path\\\": \\\"/spec/ports\\\", \\\"value\\\": [{\\\"name\\\": \\\"add\\\", \\\"port\\\": 9090, \\\"protocol\\\": \\\"TCP\\\"},{\\\"name\\\": \\\"add2\\\", \\\"port\\\": 9091, \\\"protocol\\\": \\\"TCP\\\"}]}]\"
        },
        {
          \"target\": {
            \"kind\": \"Service\",
            \"name\": \"svc\",
            \"apiVersion\": \"v1\"
          },
          \"patch\": \"[{\\\"op\\\": \\\"replace\\\", \\\"path\\\": \\\"/spec/type\\\", \\\"value\\\": \\\"LoadBalancer\\\"}]\"
        }
      ]
    }
  },
  \"status\": {
    \"templateName\": \"test-nginx-tmpl1\",
    \"lastApplied\": [
      {
        \"kind\": \"Deployment\",
        \"namespace\": \"default\",
        \"name\": \"test-inst1-deploy\",
        \"apiVersion\": \"apps/v1\"
      },
      {
        \"kind\": \"Ingress\",
        \"namespace\": \"default\",
        \"name\": \"test-inst1-ing\",
        \"apiVersion\": \"networking.k8s.io/v1\"
      },
      {
        \"kind\": \"Service\",
        \"namespace\": \"default\",
        \"name\": \"test-inst1-svc\",
        \"apiVersion\": \"v1\"
      }
    ],
    \"lastAppliedObjectsCount\": 3,
    \"templateObjectsCount\": 3
  }
}
"""

['Instance controller when updating Instance resource should do reconcile again and update child resources 3']
SnapShot = """
{
  \"metadata\": {
    \"name\": \"test-inst1-deploy\",
    \"namespace\": \"default\",
    \"creationTimestamp\": null,
    \"labels\": {
      \"cosmo-workspace.github.io/instance\": \"test-inst1\",
      \"cosmo-workspace.github.io/template\": \"test-nginx-tmpl1\"
    },
    \"ownerReferences\": [
      {
        \"apiVersion\": \"cosmo-workspace.github.io/v1alpha1\",
        \"kind\": \"Instance\",
        \"name\": \"test-inst1\",
        \"uid\": \"\",
        \"controller\": true,
        \"blockOwnerDeletion\": true
      }
    ]
  },
  \"spec\": {
    \"replicas\": 3,
    \"selector\": {
      \"matchLabels\": {
        \"cosmo-workspace.github.io/instance\": \"test-inst1\"
      }
    },
    \"template\": {
      \"metadata\": {
        \"creationTimestamp\": null,
        \"labels\": {
          \"cosmo-workspace.github.io/instance\": \"test-inst1\"
        }
      },
      \"spec\": {
        \"containers\": [
          {
            \"name\": \"nginx\",
            \"image\": \"nginx:latest\",
            \"ports\": [
              {
                \"name\": \"main\",
                \"containerPort\": 80,
                \"protocol\": \"TCP\"
              }
            ],
            \"resources\": {},
            \"terminationMessagePath\": \"/dev/termination-log\",
            \"terminationMessagePolicy\": \"File\",
            \"imagePullPolicy\": \"Always\"
          }
        ],
        \"restartPolicy\": \"Always\",
        \"terminationGracePeriodSeconds\": 30,
        \"dnsPolicy\": \"ClusterFirst\",
        \"securityContext\": {},
        \"schedulerName\": \"default-scheduler\"
      }
    },
    \"strategy\": {
      \"type\": \"RollingUpdate\",
      \"rollingUpdate\": {
        \"maxUnavailable\": \"25%\",
        \"maxSurge\": \"25%\"
      }
    },
    \"revisionHistoryLimit\": 10,
    \"progressDeadlineSeconds\": 600
  },
  \"status\": {}
}
"""

['Instance controller when updating Instance resource should do reconcile again and update child resources 4']
SnapShot = """
{
  \"metadata\": {
    \"name\": \"test-inst1-svc\",
    \"namespace\": \"default\",
    \"creationTimestamp\": null,
    \"labels\": {
      \"cosmo-workspace.github.io/instance\": \"test-inst1\",
      \"cosmo-workspace.github.io/template\": \"test-nginx-tmpl1\"
    },
    \"ownerReferences\": [
      {
        \"apiVersion\": \"cosmo-workspace.github.io/v1alpha1\",
        \"kind\": \"Instance\",
        \"name\": \"test-inst1\",
        \"uid\": \"\",
        \"controller\": true,
        \"blockOwnerDeletion\": true
      }
    ]
  },
  \"spec\": {
    \"ports\": [
      {
        \"name\": \"add\",
        \"protocol\": \"TCP\",
        \"port\": 9090,
        \"targetPort\": 9090,
        \"nodePort\": 30000
      },
      {
        \"name\": \"add2\",
        \"protocol\": \"TCP\",
        \"port\": 9091,
        \"targetPort\": 9091,
        \"nodePort\": 30000
      }
    ],
    \"selector\": {
      \"cosmo-workspace.github.io/instance\": \"test-inst1\",
      \"cosmo-workspace.github.io/template\": \"nginx\"
    },
    \"type\": \"LoadBalancer\",
    \"sessionAffinity\": \"None\",
    \"externalTrafficPolicy\": \"Cluster\",
    \"ipFamilies\": [
      \"IPv4\"
    ],
    \"ipFamilyPolicy\": \"SingleStack\",
    \"allocateLoadBalancerNodePorts\": true,
    \"internalTrafficPolicy\": \"Cluster\"
  },
  \"status\": {
    \"loadBalancer\": {}
  }
}
"""
