
[TestSetConfigOnTemplateAnnotations/OK - 1]
{
 "metadata": {
  "annotations": {
   "workspace.cosmo-workspace.github.io/deployment": "workspace1",
   "workspace.cosmo-workspace.github.io/service": "workspace2",
   "workspace.cosmo-workspace.github.io/service-main-port": "main"
  },
  "creationTimestamp": null,
  "name": "tmpl"
 },
 "spec": {}
}
---

[TestSetConfigOnTemplateAnnotations/no_annotations - 1]
{
 "metadata": {
  "annotations": {
   "workspace.cosmo-workspace.github.io/deployment": "workspace1",
   "workspace.cosmo-workspace.github.io/service": "workspace2",
   "workspace.cosmo-workspace.github.io/service-main-port": "main"
  },
  "creationTimestamp": null,
  "name": "tmpl"
 },
 "spec": {}
}
---

[TestConfigFromTemplateAnnotations/found - 1]
{
 "deploymentName": "workspace1",
 "mainServicePortName": "main",
 "serviceName": "workspace2"
}
---

[TestConfigFromTemplateAnnotations/no_label - 1]
{}
---

[TestConfigFromTemplateAnnotations/not_type_workspace - 1]
{}
---

[TestConfigFromTemplateAnnotations/no_annotations - 1]
{}
---
